2025-11-18 00:47:17, MOVE, v:1, k:poo@cinema, mode:PICK
2025-11-18 00:47:19, EXEC, v:1, k:poo@cinema, mode:FULL, rate:0, size:77
2025-11-18 00:50:54, EXEC, v:1, k:poo@cinema, mode:FULL, rate:0, size:80
2025-11-18 00:50:59, EXEC, v:1, k:poo@cinema, mode:FULL, rate:0
2025-11-18 00:51:21, MOVE, v:1, k:poo@cinema, mode:PICK
2025-11-18 00:51:22, EXEC, v:1, k:poo@cinema, mode:FULL, rate:0
2025-11-18 00:52:53, EXEC, v:1, k:poo@cinema, mode:FULL, rate:0, size:80
2025-11-18 00:52:59, EXEC, v:1, k:poo@cinema, mode:FULL, rate:0
2025-11-18 00:53:53, EXEC, v:1, k:poo@cinema, mode:FULL, rate:33, size:80
2025-11-18 00:55:26, EXEC, v:1, k:poo@cinema, mode:FULL, rate:66, size:79
2025-11-18 00:57:50, EXEC, v:1, k:poo@cinema, mode:FULL, rate:66
2025-11-18 00:59:33, SELF, v:1, k:poo@cinema
2025-11-18 01:00:11, MOVE, v:1, k:poo@cinema, mode:PICK
2025-11-18 01:00:12, EXEC, v:1, k:poo@cinema, mode:FULL, rate:66
2025-11-18 01:00:15, MOVE, v:1, k:poo@cinema, mode:BACK
2025-11-18 01:01:33, MOVE, v:1, k:poo@cinema, mode:PICK
2025-11-18 01:01:34, EXEC, v:1, k:poo@cinema, mode:FULL, rate:66, size:80
2025-11-18 01:01:36, MOVE, v:1, k:poo@cinema, mode:BACK
2025-11-18 01:18:09, MOVE, v:1, k:poo@cinema, mode:PICK
2025-11-18 01:18:10, EXEC, v:1, k:poo@cinema, mode:FULL, rate:66
2025-11-18 01:18:14, MOVE, v:1, k:poo@cinema, mode:BACK
2025-11-18 09:40:29, MOVE, v:1, k:poo@cinema, mode:PICK
2025-11-18 09:40:30, EXEC, v:1, k:poo@cinema, mode:FULL, rate:33, size:140
2025-11-18 09:42:14, MOVE, v:1, k:poo@cinema, mode:BACK
2025-11-18 09:43:03, MOVE, v:1, k:poo@cinema, mode:PICK
2025-11-18 09:43:04, EXEC, v:1, k:poo@cinema, mode:FULL, rate:33
2025-11-18 09:43:05, MOVE, v:1, k:poo@cinema, mode:BACK
2025-11-18 09:43:07, MOVE, v:1, k:poo@cinema, mode:PICK
2025-11-18 09:43:09, MOVE, v:1, k:poo@cinema, mode:BACK
2025-11-18 09:43:09, MOVE, v:1, k:poo@cinema, mode:PICK
2025-11-18 09:43:09, EXEC, v:1, k:poo@cinema, mode:FULL, rate:33
2025-11-18 09:43:10, MOVE, v:1, k:poo@cinema, mode:BACK
2025-11-18 09:43:11, MOVE, v:1, k:poo@cinema, mode:PICK
2025-11-18 09:43:12, EXEC, v:1, k:poo@cinema, mode:FULL, rate:33
2025-11-18 09:44:57, EXEC, v:1, k:poo@cinema, mode:FULL, rate:33
2025-11-18 09:45:02, MOVE, v:1, k:poo@cinema, mode:BACK
2025-11-18 09:45:06, MOVE, v:1, k:poo@cinema, mode:PICK
2025-11-18 09:45:07, EXEC, v:1, k:poo@cinema, mode:FULL, rate:33
2025-11-18 09:46:38, EXEC, v:1, k:poo@cinema, mode:FULL, rate:33
2025-11-18 09:46:39, MOVE, v:1, k:poo@cinema, mode:BACK
2025-11-18 09:46:50, MOVE, v:1, k:poo@cinema, mode:PICK
2025-11-18 09:46:51, EXEC, v:1, k:poo@cinema, mode:FULL, rate:33
2025-11-18 09:49:38, EXEC, v:1, k:poo@cinema, mode:FULL, rate:33, size:140
2025-11-18 09:50:14, EXEC, v:1, k:poo@cinema, mode:FULL, rate:33, size:140
2025-11-18 09:51:19, EXEC, v:1, k:poo@cinema, mode:FULL, rate:33, size:140
2025-11-18 09:52:12, EXEC, v:1, k:poo@cinema, mode:FULL, rate:33
2025-11-18 09:52:13, MOVE, v:1, k:poo@cinema, mode:BACK
2025-11-18 09:52:17, MOVE, v:1, k:poo@cinema, mode:PICK
2025-11-18 09:52:18, EXEC, v:1, k:poo@cinema, mode:FULL, rate:33
2025-11-18 09:52:31, EXEC, v:1, k:poo@cinema, mode:FULL, rate:33, size:140
2025-11-18 09:59:16, EXEC, v:1, k:poo@cinema, mode:FULL, rate:33, size:139
2025-11-18 09:59:22, MOVE, v:1, k:poo@cinema, mode:BACK
2025-11-18 09:59:25, MOVE, v:1, k:poo@cinema, mode:PICK
2025-11-18 09:59:27, EXEC, v:1, k:poo@cinema, mode:FULL, rate:33
2025-11-18 10:00:05, EXEC, v:1, k:poo@cinema, mode:FULL, rate:33, size:139
2025-11-18 10:01:05, EXEC, v:1, k:poo@cinema, mode:FULL, rate:33, size:140
2025-11-18 10:06:06, EXEC, v:1, k:poo@cinema, mode:FULL, rate:33, size:139
2025-11-18 10:11:06, EXEC, v:1, k:poo@cinema, mode:FULL, rate:33
2025-11-18 10:12:20, MOVE, v:1, k:poo@cinema, mode:BACK
2025-11-18 10:12:28, MOVE, v:1, k:poo@cinema, mode:PICK
2025-11-18 10:12:33, EXEC, v:1, k:poo@cinema, mode:FULL, rate:33
2025-11-18 10:13:59, EXEC, v:1, k:poo@cinema, mode:FULL, rate:77, size:139
2025-11-18 10:18:38, EXEC, v:1, k:poo@cinema, mode:FULL, rate:100, size:139
2025-11-18 10:19:13, MOVE, v:1, k:poo@cinema, mode:BACK
2025-11-18 10:21:33, SELF, v:1, k:poo@cinema, rate:100, iagen:SIM, guide:SIM, alone:6, study:240
2025-11-18 10:22:15, SELF, v:1, k:poo@budega, rate:100, iagen:SIM, guide:SIM, alone:10, study:180
2025-11-18 10:23:45, SELF, v:1, k:poo@cinema, rate:100, iagen:SIM, guide:SIM, alone:6, study:240
2025-11-18 10:23:45, MOVE, v:1, k:poo@cinema, mode:PICK
2025-11-18 10:23:47, EXEC, v:1, k:poo@cinema, mode:FULL, rate:100
2025-11-18 10:23:48, MOVE, v:1, k:poo@cinema, mode:BACK
2025-11-18 10:23:51, MOVE, v:1, k:poo@cinema, mode:PICK
2025-11-18 10:23:53, EXEC, v:1, k:poo@cinema, mode:FULL, rate:100
2025-11-18 10:23:53, MOVE, v:1, k:poo@cinema, mode:BACK
2025-11-18 10:24:12, SELF, v:1, k:poo@pula-pula, rate:100, guide:SIM, alone:8, study:180
