2025-11-10 09:18:15, SELF, v:1, k:poo@array, rate:100, human:SIM, guide:SIM, alone:10, study:40
2025-11-10 21:20:49, MOVE, v:1, k:poo@array, mode:PICK
2025-11-10 21:20:52, MOVE, v:1, k:poo@array, mode:BACK
2025-11-10 21:21:07, MOVE, v:1, k:poo@lapiseira, mode:DOWN
2025-11-10 22:51:49, MOVE, v:1, k:poo@budega, mode:PICK
2025-11-10 22:51:51, EXEC, v:1, k:poo@budega, mode:FULL, rate:0, size:76
2025-11-10 22:54:58, MOVE, v:1, k:poo@budega, mode:PICK
2025-11-10 22:54:58, EXEC, v:1, k:poo@budega, mode:FULL, rate:0
2025-11-10 22:56:05, EXEC, v:1, k:poo@budega, mode:FULL, rate:0
2025-11-10 22:56:09, EXEC, v:1, k:poo@budega, mode:FULL, rate:0, size:76
2025-11-10 22:56:30, EXEC, v:1, k:poo@budega, mode:FULL, rate:0, size:76
2025-11-10 22:58:02, EXEC, v:1, k:poo@budega, mode:FULL, rate:0, size:76
2025-11-10 22:58:26, EXEC, v:1, k:poo@budega, mode:FULL, rate:10, size:76
2025-11-10 23:00:06, EXEC, v:1, k:poo@budega, mode:FULL, rate:10, size:76
2025-11-10 23:00:32, EXEC, v:1, k:poo@budega, mode:FULL, rate:10, size:76
2025-11-10 23:00:45, EXEC, v:1, k:poo@budega, mode:FULL, rate:10, size:76
2025-11-10 23:01:01, EXEC, v:1, k:poo@budega, mode:FULL, rate:10, size:76
2025-11-10 23:02:15, EXEC, v:1, k:poo@budega, mode:FULL, rate:40, size:76
2025-11-10 23:05:01, EXEC, v:1, k:poo@budega, mode:FULL, rate:40
2025-11-10 23:05:05, EXEC, v:1, k:poo@budega, mode:FULL, rate:40
2025-11-10 23:05:06, EXEC, v:1, k:poo@budega, mode:FULL, rate:40
2025-11-10 23:06:51, EXEC, v:1, k:poo@budega, mode:FULL, rate:50, size:76
2025-11-10 23:07:11, EXEC, v:1, k:poo@budega, mode:FULL, rate:90, size:76
2025-11-10 23:07:51, EXEC, v:1, k:poo@budega, mode:FULL, rate:100, size:76
2025-11-10 23:08:07, MOVE, v:1, k:poo@budega, mode:PICK
2025-11-10 23:08:09, EXEC, v:1, k:poo@budega, mode:FULL, rate:100
2025-11-10 23:08:13, MOVE, v:1, k:poo@budega, mode:BACK
2025-11-10 23:08:35, SELF, v:1, k:poo@budega, rate:100, iagen:SIM, guide:SIM, alone:10, study:180
2025-11-10 23:08:42, MOVE, v:1, k:poo@budega, mode:PICK
2025-11-10 23:08:43, EXEC, v:1, k:poo@budega, mode:FULL, rate:100
2025-11-10 23:08:48, MOVE, v:1, k:poo@budega, mode:BACK
2025-11-10 23:09:00, MOVE, v:1, k:poo@budega, mode:PICK
2025-11-10 23:09:11, MOVE, v:1, k:poo@budega, mode:BACK
2025-11-10 23:09:23, SELF, v:1, k:poo@budega, rate:100, iagen:SIM, guide:SIM, alone:10, study:180
2025-11-10 23:11:13, MOVE, v:1, k:poo@budega, mode:PICK
2025-11-10 23:11:47, MOVE, v:1, k:poo@budega, mode:BACK
2025-11-10 23:12:45, SELF, v:1, k:poo@budega, rate:100, iagen:SIM, guide:SIM, alone:10, study:180
2025-11-10 23:13:09, MOVE, v:1, k:poo@budega, mode:PICK
2025-11-10 23:13:11, EXEC, v:1, k:poo@budega, mode:FULL, rate:100
2025-11-10 23:13:12, EXEC, v:1, k:poo@budega, mode:FULL, rate:100
2025-11-10 23:13:12, EXEC, v:1, k:poo@budega, mode:FULL, rate:100
2025-11-10 23:13:13, EXEC, v:1, k:poo@budega, mode:FULL, rate:100
2025-11-10 23:13:13, EXEC, v:1, k:poo@budega, mode:FULL, rate:100
