2025-11-15 08:45:40, MOVE, v:1, k:poo@pula-pula, mode:PICK
2025-11-15 08:45:41, EXEC, v:1, k:poo@pula-pula, mode:FULL, rate:0, size:24
2025-11-15 13:05:14, MOVE, v:1, k:poo@pula-pula, mode:PICK
2025-11-15 13:05:15, EXEC, v:1, k:poo@pula-pula, mode:FULL, rate:0, size:60
2025-11-15 13:06:15, EXEC, v:1, k:poo@pula-pula, mode:FULL, rate:0, size:60
2025-11-15 13:12:15, EXEC, v:1, k:poo@pula-pula, mode:FULL, rate:0, size:60
2025-11-15 13:15:46, EXEC, v:1, k:poo@pula-pula, mode:FULL, rate:0
2025-11-15 13:15:56, EXEC, v:1, k:poo@pula-pula, mode:FULL, rate:0, size:60
2025-11-15 13:16:06, EXEC, v:1, k:poo@pula-pula, mode:FULL, rate:0
2025-11-15 13:16:13, EXEC, v:1, k:poo@pula-pula, mode:FULL, rate:0
2025-11-15 13:16:36, EXEC, v:1, k:poo@pula-pula, mode:FULL, rate:0, size:60
2025-11-15 13:19:17, EXEC, v:1, k:poo@pula-pula, mode:FULL, rate:10, size:60
2025-11-15 13:20:37, EXEC, v:1, k:poo@pula-pula, mode:FULL, rate:10, size:60
2025-11-15 13:20:51, EXEC, v:1, k:poo@pula-pula, mode:FULL, rate:10
2025-11-15 13:20:54, EXEC, v:1, k:poo@pula-pula, mode:FULL, rate:10
2025-11-15 13:23:21, EXEC, v:1, k:poo@pula-pula, mode:FULL, rate:20, size:60
2025-11-15 13:24:06, EXEC, v:1, k:poo@pula-pula, mode:FULL, rate:30, size:60
2025-11-15 13:24:57, EXEC, v:1, k:poo@pula-pula, mode:FULL, rate:30, size:60
2025-11-15 13:25:34, EXEC, v:1, k:poo@pula-pula, mode:FULL, rate:40, size:60
2025-11-15 13:30:59, EXEC, v:1, k:poo@pula-pula, mode:FULL, rate:40, size:60
2025-11-15 13:47:31, MOVE, v:1, k:poo@pula-pula, mode:PICK
2025-11-15 13:47:32, EXEC, v:1, k:poo@pula-pula, mode:FULL, rate:70, size:71
2025-11-15 13:50:23, MOVE, v:1, k:poo@pula-pula, mode:PICK
2025-11-15 13:50:25, EXEC, v:1, k:poo@pula-pula, mode:FULL, rate:70
2025-11-15 13:53:45, EXEC, v:1, k:poo@pula-pula, mode:FULL, rate:90, size:72
2025-11-15 13:57:12, EXEC, v:1, k:poo@pula-pula, mode:FULL, rate:70, size:74
2025-11-15 13:58:13, EXEC, v:1, k:poo@pula-pula, mode:FULL, rate:70, size:75
2025-11-15 13:58:39, EXEC, v:1, k:poo@pula-pula, mode:FULL, rate:90, size:73
2025-11-15 14:00:34, EXEC, v:1, k:poo@pula-pula, mode:FULL, rate:90, size:73
2025-11-15 14:00:56, EXEC, v:1, k:poo@pula-pula, mode:FULL, rate:90, size:73
2025-11-15 14:01:08, EXEC, v:1, k:poo@pula-pula, mode:FULL, rate:100, size:73
2025-11-15 14:02:49, MOVE, v:1, k:poo@pula-pula, mode:BACK
2025-11-15 14:03:22, SELF, v:1, k:poo@pula-pula, rate:100, guide:SIM, alone:10, study:180
